Loading cached data cache/data_b490a9512363.pkl
highway_2 → highway_7: identical to the low → high density test; reported from it

== Urban → Highway | RandomForest | seed 2 ==
   cross: F1 0.8128  Recall 0.8204  PR-AUC 0.8577  ECE 0.0672 | in-domain F1 0.8654

== Urban → Highway | XGBoost | seed 2 ==
   cross: F1 0.8113  Recall 0.8117  PR-AUC 0.8594  ECE 0.0334 | in-domain F1 0.8657

== Urban → Highway | GRU | seed 2 ==
   cross: F1 0.8165  Recall 0.8471  PR-AUC 0.8787  ECE 0.0383 | in-domain F1 0.8941

== Urban → Highway | GAT | seed 2 ==
   cross: F1 0.6608  Recall 0.8285  PR-AUC 0.8521  ECE 0.1226 | in-domain F1 0.8819

== Urban → Highway | RAVEN-X | seed 2 ==
   cross: F1 0.7389  Recall 0.8436  PR-AUC 0.8755  ECE 0.0699 | in-domain F1 0.9056

== Urban → Highway | RAVEN-X-GF | seed 2 ==
   cross: F1 0.7917  Recall 0.8575  PR-AUC 0.8837  ECE 0.0775 | in-domain F1 0.9199

== Low → High density | RandomForest | seed 2 ==
   cross: F1 0.8014  Recall 0.7533  PR-AUC 0.8591  ECE 0.1859 | in-domain F1 0.8037

== Low → High density | XGBoost | seed 2 ==
   cross: F1 0.8266  Recall 0.8013  PR-AUC 0.8665  ECE 0.0405 | in-domain F1 0.7996

== Low → High density | GRU | seed 2 ==
   cross: F1 0.7915  Recall 0.8214  PR-AUC 0.8598  ECE 0.0422 | in-domain F1 0.8338

== Low → High density | GAT | seed 2 ==
   cross: F1 0.5860  Recall 0.8648  PR-AUC 0.8521  ECE 0.2065 | in-domain F1 0.8449

== Low → High density | RAVEN-X | seed 2 ==
   cross: F1 0.6781  Recall 0.8575  PR-AUC 0.8473  ECE 0.1680 | in-domain F1 0.8669

== Low → High density | RAVEN-X-GF | seed 2 ==
   cross: F1 0.7221  Recall 0.8816  PR-AUC 0.8744  ECE 0.1532 | in-domain F1 0.8876

== highway_2 → urban_2 | XGBoost | seed 2 ==
   cross: F1 0.8531  Recall 0.7914  PR-AUC 0.8848  ECE 0.0159 | in-domain F1 0.7996

== highway_2 → urban_2 | RAVEN-X | seed 2 ==
   cross: F1 0.8857  Recall 0.8544  PR-AUC 0.9299  ECE 0.0314 | in-domain F1 0.8669

== highway_2 → urban_2 | RAVEN-X-GF | seed 2 ==
   cross: F1 0.9043  Recall 0.8771  PR-AUC 0.9368  ECE 0.0149 | in-domain F1 0.8783

== highway_7 → highway_2 | XGBoost | seed 2 ==
   cross: F1 0.8086  Recall 0.7734  PR-AUC 0.8572  ECE 0.0080 | in-domain F1 0.8554

== highway_7 → highway_2 | RAVEN-X | seed 2 ==
   cross: F1 0.8572  Recall 0.8384  PR-AUC 0.9046  ECE 0.0433 | in-domain F1 0.8253

== highway_7 → highway_2 | RAVEN-X-GF | seed 2 ==
   cross: F1 0.8559  Recall 0.8528  PR-AUC 0.9103  ECE 0.0625 | in-domain F1 0.8752

== highway_7 → urban_2 | XGBoost | seed 2 ==
   cross: F1 0.8631  Recall 0.8139  PR-AUC 0.8877  ECE 0.0173 | in-domain F1 0.8554

== highway_7 → urban_2 | RAVEN-X | seed 2 ==
   cross: F1 0.8950  Recall 0.8672  PR-AUC 0.9328  ECE 0.0287 | in-domain F1 0.8343

== highway_7 → urban_2 | RAVEN-X-GF | seed 2 ==
   cross: F1 0.9008  Recall 0.8842  PR-AUC 0.9367  ECE 0.0504 | in-domain F1 0.8415

== urban_2 → highway_2 | XGBoost | seed 2 ==
   cross: F1 0.7744  Recall 0.7730  PR-AUC 0.8380  ECE 0.0406 | in-domain F1 0.8657

== urban_2 → highway_2 | RAVEN-X | seed 2 ==
   cross: F1 0.8582  Recall 0.8194  PR-AUC 0.9025  ECE 0.0147 | in-domain F1 0.9097

== urban_2 → highway_2 | RAVEN-X-GF | seed 2 ==
   cross: F1 0.8502  Recall 0.8467  PR-AUC 0.9080  ECE 0.0341 | in-domain F1 0.9149

== urban_2 → highway_7 | XGBoost | seed 2 ==
   cross: F1 0.8321  Recall 0.8336  PR-AUC 0.8708  ECE 0.0314 | in-domain F1 0.8657

== urban_2 → highway_7 | RAVEN-X | seed 2 ==
   cross: F1 0.6931  Recall 0.8861  PR-AUC 0.8781  ECE 0.1259 | in-domain F1 0.9173

== urban_2 → highway_7 | RAVEN-X-GF | seed 2 ==
   cross: F1 0.6989  Recall 0.8817  PR-AUC 0.8839  ECE 0.1040 | in-domain F1 0.9177

| Key | F1 | Recall | PR-AUC | ECE | in-domain F1 | ΔF1 (cross - in) |
|---|---|---|---|---|---|---|
| Urban → Highway / RandomForest | 0.8128 | 0.8204 | 0.8577 | 0.0672 | 0.8654 | -0.0525 |
| Urban → Highway / XGBoost | 0.8113 | 0.8117 | 0.8594 | 0.0334 | 0.8657 | -0.0545 |
| Urban → Highway / GRU | 0.8165 | 0.8471 | 0.8787 | 0.0383 | 0.8941 | -0.0776 |
| Urban → Highway / GAT | 0.6608 | 0.8285 | 0.8521 | 0.1226 | 0.8819 | -0.2211 |
| Urban → Highway / RAVEN-X | 0.7389 | 0.8436 | 0.8755 | 0.0699 | 0.9056 | -0.1667 |
| Urban → Highway / RAVEN-X-GF | 0.7917 | 0.8575 | 0.8837 | 0.0775 | 0.9199 | -0.1282 |
| Low → High density / RandomForest | 0.8014 | 0.7533 | 0.8591 | 0.1859 | 0.8037 | -0.0022 |
| Low → High density / XGBoost | 0.8266 | 0.8013 | 0.8665 | 0.0405 | 0.7996 | 0.0270 |
| Low → High density / GRU | 0.7915 | 0.8214 | 0.8598 | 0.0422 | 0.8338 | -0.0424 |
| Low → High density / GAT | 0.5860 | 0.8648 | 0.8521 | 0.2065 | 0.8449 | -0.2590 |
| Low → High density / RAVEN-X | 0.6781 | 0.8575 | 0.8473 | 0.1680 | 0.8669 | -0.1888 |
| Low → High density / RAVEN-X-GF | 0.7221 | 0.8816 | 0.8744 | 0.1532 | 0.8876 | -0.1655 |
| highway_2 → urban_2 / XGBoost | 0.8531 | 0.7914 | 0.8848 | 0.0159 | 0.7996 | 0.0535 |
| highway_2 → urban_2 / RAVEN-X | 0.8857 | 0.8544 | 0.9299 | 0.0314 | 0.8669 | 0.0187 |
| highway_2 → urban_2 / RAVEN-X-GF | 0.9043 | 0.8771 | 0.9368 | 0.0149 | 0.8783 | 0.0260 |
| highway_7 → highway_2 / XGBoost | 0.8086 | 0.7734 | 0.8572 | 0.0080 | 0.8554 | -0.0469 |
| highway_7 → highway_2 / RAVEN-X | 0.8572 | 0.8384 | 0.9046 | 0.0433 | 0.8253 | 0.0320 |
| highway_7 → highway_2 / RAVEN-X-GF | 0.8559 | 0.8528 | 0.9103 | 0.0625 | 0.8752 | -0.0193 |
| highway_7 → urban_2 / XGBoost | 0.8631 | 0.8139 | 0.8877 | 0.0173 | 0.8554 | 0.0076 |
| highway_7 → urban_2 / RAVEN-X | 0.8950 | 0.8672 | 0.9328 | 0.0287 | 0.8343 | 0.0608 |
| highway_7 → urban_2 / RAVEN-X-GF | 0.9008 | 0.8842 | 0.9367 | 0.0504 | 0.8415 | 0.0593 |
| urban_2 → highway_2 / XGBoost | 0.7744 | 0.7730 | 0.8380 | 0.0406 | 0.8657 | -0.0914 |
| urban_2 → highway_2 / RAVEN-X | 0.8582 | 0.8194 | 0.9025 | 0.0147 | 0.9097 | -0.0516 |
| urban_2 → highway_2 / RAVEN-X-GF | 0.8502 | 0.8467 | 0.9080 | 0.0341 | 0.9149 | -0.0647 |
| urban_2 → highway_7 / XGBoost | 0.8321 | 0.8336 | 0.8708 | 0.0314 | 0.8657 | -0.0336 |
| urban_2 → highway_7 / RAVEN-X | 0.6931 | 0.8861 | 0.8781 | 0.1259 | 0.9173 | -0.2241 |
| urban_2 → highway_7 / RAVEN-X-GF | 0.6989 | 0.8817 | 0.8839 | 0.1040 | 0.9177 | -0.2187 |
